Design Assistant report for Debug
Fri Mar 16 02:58:32 2018
Quartus Prime Version 17.1.0 Build 590 10/25/2017 SJ Lite Edition


---------------------
; Table of Contents ;
---------------------
  1. Legal Notice
  2. Design Assistant Summary
  3. Design Assistant Settings
  4. Information only Violations
  5. Design Assistant Messages



----------------
; Legal Notice ;
----------------
Copyright (C) 2017  Intel Corporation. All rights reserved.
Your use of Intel Corporation's design tools, logic functions 
and other software and tools, and its AMPP partner logic 
functions, and any output files from any of the foregoing 
(including device programming or simulation files), and any 
associated documentation or information are expressly subject 
to the terms and conditions of the Intel Program License 
Subscription Agreement, the Intel Quartus Prime License Agreement,
the Intel FPGA IP License Agreement, or other applicable license
agreement, including, without limitation, that your use is for
the sole purpose of programming logic devices manufactured by
Intel and sold by Intel or its authorized distributors.  Please
refer to the applicable agreement for further details.



+-------------------------------------------------------------------------+
; Design Assistant Summary                                                ;
+-----------------------------------+-------------------------------------+
; Design Assistant Status           ; Analyzed - Fri Mar 16 02:58:32 2018 ;
; Revision Name                     ; Debug                               ;
; Top-level Entity Name             ; Project                             ;
; Family                            ; Cyclone V                           ;
; Total Critical Violations         ; 0                                   ;
; Total High Violations             ; 0                                   ;
; Total Medium Violations           ; 0                                   ;
; Total Information only Violations ; 159                                 ;
; - Rule T101                       ; 109                                 ;
; - Rule T102                       ; 50                                  ;
+-----------------------------------+-------------------------------------+


+------------------------------------------------------------------------------------------------------------------------------------------------------------------------------------------+
; Design Assistant Settings                                                                                                                                                                ;
+----------------------------------------------------------------------------------------------------------------------------------------------------------------------+--------------+----+
; Option                                                                                                                                                               ; Setting      ; To ;
+----------------------------------------------------------------------------------------------------------------------------------------------------------------------+--------------+----+
; Design Assistant mode                                                                                                                                                ; Post-Fitting ;    ;
; Threshold value for clock net not mapped to clock spines rule                                                                                                        ; 25           ;    ;
; Minimum number of clock port feed by gated clocks                                                                                                                    ; 30           ;    ;
; Minimum number of node fan-out                                                                                                                                       ; 30           ;    ;
; Maximum number of nodes to report                                                                                                                                    ; 50           ;    ;
; Rule C101: Gated clock should be implemented according to the Intel FPGA standard scheme                                                                             ; On           ;    ;
; Rule C102: Logic cell should not be used to generate an inverted clock signal                                                                                        ; On           ;    ;
; Rule C103: Gated clock does not feed at least a pre-defined number of clock ports to effectively save power                                                          ; On           ;    ;
; Rule C104: Clock signal source should drive only clock input ports                                                                                                   ; On           ;    ;
; Rule C105: Clock signal should be a global signal                                                                                                                    ; On           ;    ;
; Rule C106: Clock signal source should not drive registers triggered by different clock edges                                                                         ; On           ;    ;
; Rule R101: Combinational logic used as a reset signal should be synchronized                                                                                         ; On           ;    ;
; Rule R102: External reset signals should be synchronized using two cascaded registers                                                                                ; On           ;    ;
; Rule R103: External reset signal should be correctly synchronized                                                                                                    ; On           ;    ;
; Rule R104: The reset signal that is generated in one clock domain and used in another clock domain should be correctly synchronized                                  ; On           ;    ;
; Rule R105: The reset signal that is generated in one clock domain and used in another clock domain should be synchronized                                            ; On           ;    ;
; Rule T101: Nodes with more than the specified number of fan-outs                                                                                                     ; On           ;    ;
; Rule T102: Top nodes with the highest number of fan-outs                                                                                                             ; On           ;    ;
; Rule A101: Design should not contain combinational loops                                                                                                             ; On           ;    ;
; Rule A102: Register output should not drive its own control signal directly or through combinational logic                                                           ; On           ;    ;
; Rule A103: Design should not contain delay chains                                                                                                                    ; On           ;    ;
; Rule A104: Design should not contain ripple clock structures                                                                                                         ; On           ;    ;
; Rule A105: Pulses should not be implemented asynchronously                                                                                                           ; On           ;    ;
; Rule A106: Multiple pulses should not be generated in design                                                                                                         ; On           ;    ;
; Rule A107: Design should not contain SR latches                                                                                                                      ; On           ;    ;
; Rule A108: Design should not contain latches                                                                                                                         ; On           ;    ;
; Rule S101: Output enable and input of the same tri-state node should not be driven by same signal source                                                             ; On           ;    ;
; Rule S102: Synchronous port and asynchronous port of the same register should not be driven by the same signal source                                                ; On           ;    ;
; Rule S103: More than one asynchronous port of a register should not be driven by the same signal source                                                              ; On           ;    ;
; Rule S104: Clock port and any other port of a register should not be driven by the same signal source                                                                ; On           ;    ;
; Rule D101: Data bits are not synchronized when transferred between asynchronous clock domains                                                                        ; On           ;    ;
; Rule D102: Multiple data bits that are transferred across asynchronous clock domains are synchronized, but not all bits may be aligned in the receiving clock domain ; On           ;    ;
; Rule D103: Data bits are not correctly synchronized when transferred between asynchronous clock domains                                                              ; On           ;    ;
+----------------------------------------------------------------------------------------------------------------------------------------------------------------------+--------------+----+


+-------------------------------------------------------------------------------------------------------------------------------------------------------------------+
; Information only Violations                                                                                                                                       ;
+------------------------------------------------------------------+--------------------------------------------------------------------------------------+---------+
; Rule name                                                        ; Name                                                                                 ; Fan-Out ;
+------------------------------------------------------------------+--------------------------------------------------------------------------------------+---------+
; Rule T101: Nodes with more than the specified number of fan-outs ; Pll:myPll|Pll_0002:pll_inst|altera_pll:altera_pll_i|outclk_wire[0]~CLKENA0           ; 886     ;
; Rule T101: Nodes with more than the specified number of fan-outs ; PC[14]                                                                               ; 33      ;
; Rule T101: Nodes with more than the specified number of fan-outs ; always10~0                                                                           ; 34      ;
; Rule T101: Nodes with more than the specified number of fan-outs ; imem~2                                                                               ; 31      ;
; Rule T101: Nodes with more than the specified number of fan-outs ; imem~3                                                                               ; 31      ;
; Rule T101: Nodes with more than the specified number of fan-outs ; PC[15]                                                                               ; 106     ;
; Rule T101: Nodes with more than the specified number of fan-outs ; regs~2263                                                                            ; 32      ;
; Rule T101: Nodes with more than the specified number of fan-outs ; imem~14                                                                              ; 39      ;
; Rule T101: Nodes with more than the specified number of fan-outs ; imem~4                                                                               ; 81      ;
; Rule T101: Nodes with more than the specified number of fan-outs ; imem~6                                                                               ; 81      ;
; Rule T101: Nodes with more than the specified number of fan-outs ; imem~22                                                                              ; 40      ;
; Rule T101: Nodes with more than the specified number of fan-outs ; imem~10                                                                              ; 81      ;
; Rule T101: Nodes with more than the specified number of fan-outs ; imem~8                                                                               ; 81      ;
; Rule T101: Nodes with more than the specified number of fan-outs ; Timer:timer|lim[0]~1                                                                 ; 82      ;
; Rule T101: Nodes with more than the specified number of fan-outs ; aluout_M[3]                                                                          ; 75      ;
; Rule T101: Nodes with more than the specified number of fan-outs ; Selector28~1                                                                         ; 65      ;
; Rule T101: Nodes with more than the specified number of fan-outs ; regs~2259                                                                            ; 35      ;
; Rule T101: Nodes with more than the specified number of fan-outs ; Timer:timer|cnt~0                                                                    ; 33      ;
; Rule T101: Nodes with more than the specified number of fan-outs ; wrmem_M~DUPLICATE                                                                    ; 32      ;
; Rule T101: Nodes with more than the specified number of fan-outs ; aluout_M[4]                                                                          ; 75      ;
; Rule T101: Nodes with more than the specified number of fan-outs ; Selector27~1                                                                         ; 65      ;
; Rule T101: Nodes with more than the specified number of fan-outs ; regs~2241                                                                            ; 42      ;
; Rule T101: Nodes with more than the specified number of fan-outs ; Timer:timer|wrCnt~0                                                                  ; 35      ;
; Rule T101: Nodes with more than the specified number of fan-outs ; aluout_M[2]~DUPLICATE                                                                ; 70      ;
; Rule T101: Nodes with more than the specified number of fan-outs ; Selector29~1                                                                         ; 66      ;
; Rule T101: Nodes with more than the specified number of fan-outs ; regs~2265                                                                            ; 32      ;
; Rule T101: Nodes with more than the specified number of fan-outs ; aluout_M[7]                                                                          ; 71      ;
; Rule T101: Nodes with more than the specified number of fan-outs ; Selector24~1                                                                         ; 65      ;
; Rule T101: Nodes with more than the specified number of fan-outs ; regs~2243                                                                            ; 32      ;
; Rule T101: Nodes with more than the specified number of fan-outs ; dbus[2]~2                                                                            ; 32      ;
; Rule T101: Nodes with more than the specified number of fan-outs ; aluout_M[5]                                                                          ; 71      ;
; Rule T101: Nodes with more than the specified number of fan-outs ; Selector26~1                                                                         ; 65      ;
; Rule T101: Nodes with more than the specified number of fan-outs ; dbus[2]~1                                                                            ; 32      ;
; Rule T101: Nodes with more than the specified number of fan-outs ; aluout_M[8]                                                                          ; 73      ;
; Rule T101: Nodes with more than the specified number of fan-outs ; Selector23~1                                                                         ; 65      ;
; Rule T101: Nodes with more than the specified number of fan-outs ; Selector35~0                                                                         ; 66      ;
; Rule T101: Nodes with more than the specified number of fan-outs ; dbus[18]~45                                                                          ; 35      ;
; Rule T101: Nodes with more than the specified number of fan-outs ; altsyncram:dmem_rtl_0|altsyncram_ucl1:auto_generated|decode_5la:decode2|eq_node[1]~0 ; 32      ;
; Rule T101: Nodes with more than the specified number of fan-outs ; regs~2253                                                                            ; 32      ;
; Rule T101: Nodes with more than the specified number of fan-outs ; dbus[15]~55                                                                          ; 35      ;
; Rule T101: Nodes with more than the specified number of fan-outs ; altsyncram:dmem_rtl_0|altsyncram_ucl1:auto_generated|decode_5la:decode2|eq_node[0]~1 ; 32      ;
; Rule T101: Nodes with more than the specified number of fan-outs ; dbus[25]~17                                                                          ; 36      ;
; Rule T101: Nodes with more than the specified number of fan-outs ; Timer:timer|DBUS[31]~0                                                               ; 44      ;
; Rule T101: Nodes with more than the specified number of fan-outs ; Timer:timer|atLim                                                                    ; 34      ;
; Rule T101: Nodes with more than the specified number of fan-outs ; dbus[2]~73                                                                           ; 34      ;
; Rule T101: Nodes with more than the specified number of fan-outs ; aluout_M[9]                                                                          ; 66      ;
; Rule T101: Nodes with more than the specified number of fan-outs ; Selector22~1                                                                         ; 65      ;
; Rule T101: Nodes with more than the specified number of fan-outs ; regs~2257                                                                            ; 32      ;
; Rule T101: Nodes with more than the specified number of fan-outs ; dbus[9]~70                                                                           ; 34      ;
; Rule T101: Nodes with more than the specified number of fan-outs ; aluout_M[6]                                                                          ; 66      ;
; Rule T101: Nodes with more than the specified number of fan-outs ; Selector25~1                                                                         ; 65      ;
; Rule T101: Nodes with more than the specified number of fan-outs ; dbus[6]~68                                                                           ; 34      ;
; Rule T101: Nodes with more than the specified number of fan-outs ; aluout_M[12]                                                                         ; 66      ;
; Rule T101: Nodes with more than the specified number of fan-outs ; Selector19~1                                                                         ; 65      ;
; Rule T101: Nodes with more than the specified number of fan-outs ; dbus[12]~37                                                                          ; 35      ;
; Rule T101: Nodes with more than the specified number of fan-outs ; altsyncram:dmem_rtl_0|altsyncram_ucl1:auto_generated|address_reg_b[0]                ; 32      ;
; Rule T101: Nodes with more than the specified number of fan-outs ; aluout_M[14]~DUPLICATE                                                               ; 32      ;
; Rule T101: Nodes with more than the specified number of fan-outs ; Selector17~1                                                                         ; 66      ;
; Rule T101: Nodes with more than the specified number of fan-outs ; Selector30~0                                                                         ; 31      ;
; Rule T101: Nodes with more than the specified number of fan-outs ; Selector36~0                                                                         ; 36      ;
; Rule T101: Nodes with more than the specified number of fan-outs ; Selector37~1                                                                         ; 40      ;
; Rule T101: Nodes with more than the specified number of fan-outs ; Selector38~0                                                                         ; 33      ;
; Rule T101: Nodes with more than the specified number of fan-outs ; dbus[14]~53                                                                          ; 36      ;
; Rule T101: Nodes with more than the specified number of fan-outs ; aluout_M[10]                                                                         ; 66      ;
; Rule T101: Nodes with more than the specified number of fan-outs ; Selector21~1                                                                         ; 65      ;
; Rule T101: Nodes with more than the specified number of fan-outs ; regs~2251                                                                            ; 32      ;
; Rule T101: Nodes with more than the specified number of fan-outs ; regs~2249                                                                            ; 32      ;
; Rule T101: Nodes with more than the specified number of fan-outs ; regs~2255                                                                            ; 32      ;
; Rule T101: Nodes with more than the specified number of fan-outs ; regs~2245                                                                            ; 32      ;
; Rule T101: Nodes with more than the specified number of fan-outs ; regs~2247                                                                            ; 32      ;
; Rule T101: Nodes with more than the specified number of fan-outs ; regs~2269                                                                            ; 32      ;
; Rule T101: Nodes with more than the specified number of fan-outs ; regs~2267                                                                            ; 32      ;
; Rule T101: Nodes with more than the specified number of fan-outs ; regs~2271                                                                            ; 32      ;
; Rule T101: Nodes with more than the specified number of fan-outs ; regs~2261                                                                            ; 32      ;
; Rule T101: Nodes with more than the specified number of fan-outs ; dbus[10]~57                                                                          ; 35      ;
; Rule T101: Nodes with more than the specified number of fan-outs ; dbus[8]~69                                                                           ; 35      ;
; Rule T101: Nodes with more than the specified number of fan-outs ; aluout_M[13]                                                                         ; 66      ;
; Rule T101: Nodes with more than the specified number of fan-outs ; Selector18~1                                                                         ; 65      ;
; Rule T101: Nodes with more than the specified number of fan-outs ; dbus[13]~39                                                                          ; 36      ;
; Rule T101: Nodes with more than the specified number of fan-outs ; dbus[11]~59                                                                          ; 35      ;
; Rule T101: Nodes with more than the specified number of fan-outs ; aluout_M[11]                                                                         ; 66      ;
; Rule T101: Nodes with more than the specified number of fan-outs ; Selector20~1                                                                         ; 65      ;
; Rule T101: Nodes with more than the specified number of fan-outs ; selaluout_M                                                                          ; 33      ;
; Rule T101: Nodes with more than the specified number of fan-outs ; WideOr2~1                                                                            ; 134     ;
; Rule T101: Nodes with more than the specified number of fan-outs ; dbus[1]~75                                                                           ; 36      ;
; Rule T101: Nodes with more than the specified number of fan-outs ; aluout_M[14]                                                                         ; 34      ;
; Rule T101: Nodes with more than the specified number of fan-outs ; dbus[0]~66                                                                           ; 36      ;
; Rule T101: Nodes with more than the specified number of fan-outs ; Timer:timer|LessThan0~8                                                              ; 39      ;
; Rule T101: Nodes with more than the specified number of fan-outs ; Timer:timer|clkTimer_div[31]~0                                                       ; 37      ;
; Rule T101: Nodes with more than the specified number of fan-outs ; Selector33~0                                                                         ; 32      ;
; Rule T101: Nodes with more than the specified number of fan-outs ; aluin2_A[13]~0                                                                       ; 43      ;
; Rule T101: Nodes with more than the specified number of fan-outs ; dbus[7]~67                                                                           ; 35      ;
; Rule T101: Nodes with more than the specified number of fan-outs ; dbus[5]~71                                                                           ; 34      ;
; Rule T101: Nodes with more than the specified number of fan-outs ; dbus[4]~72                                                                           ; 34      ;
; Rule T101: Nodes with more than the specified number of fan-outs ; dbus[3]~74                                                                           ; 34      ;
; Rule T101: Nodes with more than the specified number of fan-outs ; dbus[21]~43                                                                          ; 35      ;
; Rule T101: Nodes with more than the specified number of fan-outs ; dbus[20]~41                                                                          ; 35      ;
; Rule T101: Nodes with more than the specified number of fan-outs ; dbus[19]~47                                                                          ; 35      ;
; Rule T101: Nodes with more than the specified number of fan-outs ; dbus[17]~51                                                                          ; 35      ;
; Rule T101: Nodes with more than the specified number of fan-outs ; dbus[16]~49                                                                          ; 36      ;
; Rule T101: Nodes with more than the specified number of fan-outs ; dbus[28]~15                                                                          ; 35      ;
; Rule T101: Nodes with more than the specified number of fan-outs ; dbus[27]~13                                                                          ; 36      ;
; Rule T101: Nodes with more than the specified number of fan-outs ; dbus[26]~19                                                                          ; 36      ;
; Rule T101: Nodes with more than the specified number of fan-outs ; dbus[24]~23                                                                          ; 36      ;
; Rule T101: Nodes with more than the specified number of fan-outs ; dbus[23]~21                                                                          ; 36      ;
; Rule T101: Nodes with more than the specified number of fan-outs ; dbus[22]~11                                                                          ; 35      ;
; Rule T101: Nodes with more than the specified number of fan-outs ; dbus[29]~5                                                                           ; 36      ;
; Rule T101: Nodes with more than the specified number of fan-outs ; dbus[31]~9                                                                           ; 36      ;
; Rule T101: Nodes with more than the specified number of fan-outs ; dbus[30]~7                                                                           ; 36      ;
; Rule T102: Top nodes with the highest number of fan-outs         ; Pll:myPll|Pll_0002:pll_inst|altera_pll:altera_pll_i|outclk_wire[0]~CLKENA0           ; 886     ;
; Rule T102: Top nodes with the highest number of fan-outs         ; WideOr2~1                                                                            ; 134     ;
; Rule T102: Top nodes with the highest number of fan-outs         ; PC[15]                                                                               ; 106     ;
; Rule T102: Top nodes with the highest number of fan-outs         ; Timer:timer|lim[0]~1                                                                 ; 82      ;
; Rule T102: Top nodes with the highest number of fan-outs         ; imem~6                                                                               ; 81      ;
; Rule T102: Top nodes with the highest number of fan-outs         ; imem~8                                                                               ; 81      ;
; Rule T102: Top nodes with the highest number of fan-outs         ; imem~10                                                                              ; 81      ;
; Rule T102: Top nodes with the highest number of fan-outs         ; imem~4                                                                               ; 81      ;
; Rule T102: Top nodes with the highest number of fan-outs         ; aluout_M[3]                                                                          ; 75      ;
; Rule T102: Top nodes with the highest number of fan-outs         ; aluout_M[4]                                                                          ; 75      ;
; Rule T102: Top nodes with the highest number of fan-outs         ; aluout_M[8]                                                                          ; 73      ;
; Rule T102: Top nodes with the highest number of fan-outs         ; aluout_M[5]                                                                          ; 71      ;
; Rule T102: Top nodes with the highest number of fan-outs         ; aluout_M[7]                                                                          ; 71      ;
; Rule T102: Top nodes with the highest number of fan-outs         ; aluout_M[2]~DUPLICATE                                                                ; 70      ;
; Rule T102: Top nodes with the highest number of fan-outs         ; aluout_M[9]                                                                          ; 66      ;
; Rule T102: Top nodes with the highest number of fan-outs         ; aluout_M[13]                                                                         ; 66      ;
; Rule T102: Top nodes with the highest number of fan-outs         ; aluout_M[6]                                                                          ; 66      ;
; Rule T102: Top nodes with the highest number of fan-outs         ; Selector29~1                                                                         ; 66      ;
; Rule T102: Top nodes with the highest number of fan-outs         ; aluout_M[10]                                                                         ; 66      ;
; Rule T102: Top nodes with the highest number of fan-outs         ; aluout_M[12]                                                                         ; 66      ;
; Rule T102: Top nodes with the highest number of fan-outs         ; Selector35~0                                                                         ; 66      ;
; Rule T102: Top nodes with the highest number of fan-outs         ; Selector17~1                                                                         ; 66      ;
; Rule T102: Top nodes with the highest number of fan-outs         ; aluout_M[11]                                                                         ; 66      ;
; Rule T102: Top nodes with the highest number of fan-outs         ; Selector25~1                                                                         ; 65      ;
; Rule T102: Top nodes with the highest number of fan-outs         ; Selector28~1                                                                         ; 65      ;
; Rule T102: Top nodes with the highest number of fan-outs         ; Selector27~1                                                                         ; 65      ;
; Rule T102: Top nodes with the highest number of fan-outs         ; Selector24~1                                                                         ; 65      ;
; Rule T102: Top nodes with the highest number of fan-outs         ; Selector21~1                                                                         ; 65      ;
; Rule T102: Top nodes with the highest number of fan-outs         ; Selector22~1                                                                         ; 65      ;
; Rule T102: Top nodes with the highest number of fan-outs         ; Selector23~1                                                                         ; 65      ;
; Rule T102: Top nodes with the highest number of fan-outs         ; Selector19~1                                                                         ; 65      ;
; Rule T102: Top nodes with the highest number of fan-outs         ; Selector26~1                                                                         ; 65      ;
; Rule T102: Top nodes with the highest number of fan-outs         ; Selector18~1                                                                         ; 65      ;
; Rule T102: Top nodes with the highest number of fan-outs         ; Selector20~1                                                                         ; 65      ;
; Rule T102: Top nodes with the highest number of fan-outs         ; Timer:timer|DBUS[31]~0                                                               ; 44      ;
; Rule T102: Top nodes with the highest number of fan-outs         ; aluin2_A[13]~0                                                                       ; 43      ;
; Rule T102: Top nodes with the highest number of fan-outs         ; regs~2241                                                                            ; 42      ;
; Rule T102: Top nodes with the highest number of fan-outs         ; Selector37~1                                                                         ; 40      ;
; Rule T102: Top nodes with the highest number of fan-outs         ; imem~22                                                                              ; 40      ;
; Rule T102: Top nodes with the highest number of fan-outs         ; Timer:timer|LessThan0~8                                                              ; 39      ;
; Rule T102: Top nodes with the highest number of fan-outs         ; imem~14                                                                              ; 39      ;
; Rule T102: Top nodes with the highest number of fan-outs         ; Timer:timer|clkTimer_div[31]~0                                                       ; 37      ;
; Rule T102: Top nodes with the highest number of fan-outs         ; dbus[16]~49                                                                          ; 36      ;
; Rule T102: Top nodes with the highest number of fan-outs         ; dbus[13]~39                                                                          ; 36      ;
; Rule T102: Top nodes with the highest number of fan-outs         ; dbus[30]~7                                                                           ; 36      ;
; Rule T102: Top nodes with the highest number of fan-outs         ; dbus[14]~53                                                                          ; 36      ;
; Rule T102: Top nodes with the highest number of fan-outs         ; dbus[0]~66                                                                           ; 36      ;
; Rule T102: Top nodes with the highest number of fan-outs         ; dbus[24]~23                                                                          ; 36      ;
; Rule T102: Top nodes with the highest number of fan-outs         ; dbus[31]~9                                                                           ; 36      ;
; Rule T102: Top nodes with the highest number of fan-outs         ; dbus[25]~17                                                                          ; 36      ;
+------------------------------------------------------------------+--------------------------------------------------------------------------------------+---------+


+---------------------------+
; Design Assistant Messages ;
+---------------------------+
Info: *******************************************************************
Info: Running Quartus Prime Design Assistant
    Info: Version 17.1.0 Build 590 10/25/2017 SJ Lite Edition
    Info: Processing started: Fri Mar 16 02:58:29 2018
Info: Command: quartus_drc Project -c Debug
Info (332104): Reading SDC File: 'Project.sdc'
Info (332110): Deriving PLL clocks
    Info (332110): create_generated_clock -source {myPll|pll_inst|altera_pll_i|general[0].gpll~FRACTIONAL_PLL|refclkin} -divide_by 2 -multiply_by 12 -duty_cycle 50.00 -name {myPll|pll_inst|altera_pll_i|general[0].gpll~FRACTIONAL_PLL|vcoph[0]} {myPll|pll_inst|altera_pll_i|general[0].gpll~FRACTIONAL_PLL|vcoph[0]}
    Info (332110): create_generated_clock -source {myPll|pll_inst|altera_pll_i|general[0].gpll~PLL_OUTPUT_COUNTER|vco0ph[0]} -divide_by 5 -duty_cycle 50.00 -name {myPll|pll_inst|altera_pll_i|general[0].gpll~PLL_OUTPUT_COUNTER|divclk} {myPll|pll_inst|altera_pll_i|general[0].gpll~PLL_OUTPUT_COUNTER|divclk}
Info (332151): Clock uncertainty is not calculated until you update the timing netlist.
Info (332097): The following timing edges are non-unate.  TimeQuest will assume pos-unate behavior for these edges in the clock network.
    Info (332098): Cell: myPll|pll_inst|altera_pll_i|general[0].gpll~FRACTIONAL_PLL  from: refclkin  to: fbclk
    Info (332098): Cell: myPll|pll_inst|altera_pll_i|general[0].gpll~PLL_OUTPUT_COUNTER  from: vco0ph[0]  to: divclk
    Info (332098): Cell: myPll|pll_inst|altera_pll_i|general[0].gpll~PLL_REFCLK_SELECT  from: clkin[0]  to: clkout
Info (332123): Deriving Clock Uncertainty. Please refer to report_sdc in TimeQuest to see clock uncertainties.
Info (308046): (Information) Rule T101: Nodes with more than the specified number of fan-outs. (Value defined:30). Found 109 node(s) with highest fan-out.
    Info (308011): Node  "Pll:myPll|Pll_0002:pll_inst|altera_pll:altera_pll_i|outclk_wire[0]~CLKENA0" File: c:/intelfpga_lite/17.1/quartus/libraries/megafunctions/altera_pll.v Line: 413
    Info (308011): Node  "PC[14]" File: C:/Users/alanh/Documents/Github/Project_2/Project1_restored/Project.v Line: 82
    Info (308011): Node  "always10~0"
    Info (308011): Node  "imem~2" File: C:/Users/alanh/Documents/Github/Project_2/Project1_restored/Project.v Line: 98
    Info (308011): Node  "imem~3" File: C:/Users/alanh/Documents/Github/Project_2/Project1_restored/Project.v Line: 98
    Info (308011): Node  "PC[15]" File: C:/Users/alanh/Documents/Github/Project_2/Project1_restored/Project.v Line: 82
    Info (308011): Node  "regs~2263" File: C:/Users/alanh/Documents/Github/Project_2/Project1_restored/Project.v Line: 119
    Info (308011): Node  "imem~14" File: C:/Users/alanh/Documents/Github/Project_2/Project1_restored/Project.v Line: 98
    Info (308011): Node  "imem~4" File: C:/Users/alanh/Documents/Github/Project_2/Project1_restored/Project.v Line: 98
    Info (308011): Node  "imem~6" File: C:/Users/alanh/Documents/Github/Project_2/Project1_restored/Project.v Line: 98
    Info (308011): Node  "imem~22" File: C:/Users/alanh/Documents/Github/Project_2/Project1_restored/Project.v Line: 98
    Info (308011): Node  "imem~10" File: C:/Users/alanh/Documents/Github/Project_2/Project1_restored/Project.v Line: 98
    Info (308011): Node  "imem~8" File: C:/Users/alanh/Documents/Github/Project_2/Project1_restored/Project.v Line: 98
    Info (308011): Node  "Timer:timer|lim[0]~1" File: C:/Users/alanh/Documents/Github/Project_2/Project1_restored/Project.v Line: 400
    Info (308011): Node  "aluout_M[3]" File: C:/Users/alanh/Documents/Github/Project_2/Project1_restored/Project.v Line: 193
    Info (308011): Node  "Selector28~1" File: C:/Users/alanh/Documents/Github/Project_2/Project1_restored/Project.v Line: 135
    Info (308011): Node  "regs~2259" File: C:/Users/alanh/Documents/Github/Project_2/Project1_restored/Project.v Line: 119
    Info (308011): Node  "Timer:timer|cnt~0" File: C:/Users/alanh/Documents/Github/Project_2/Project1_restored/Project.v Line: 379
    Info (308011): Node  "wrmem_M~DUPLICATE" File: C:/Users/alanh/Documents/Github/Project_2/Project1_restored/Project.v Line: 187
    Info (308011): Node  "aluout_M[4]" File: C:/Users/alanh/Documents/Github/Project_2/Project1_restored/Project.v Line: 193
    Info (308011): Node  "Selector27~1" File: C:/Users/alanh/Documents/Github/Project_2/Project1_restored/Project.v Line: 135
    Info (308011): Node  "regs~2241" File: C:/Users/alanh/Documents/Github/Project_2/Project1_restored/Project.v Line: 119
    Info (308011): Node  "Timer:timer|wrCnt~0" File: C:/Users/alanh/Documents/Github/Project_2/Project1_restored/Project.v Line: 368
    Info (308011): Node  "aluout_M[2]~DUPLICATE" File: C:/Users/alanh/Documents/Github/Project_2/Project1_restored/Project.v Line: 193
    Info (308011): Node  "Selector29~1" File: C:/Users/alanh/Documents/Github/Project_2/Project1_restored/Project.v Line: 135
    Info (308011): Node  "regs~2265" File: C:/Users/alanh/Documents/Github/Project_2/Project1_restored/Project.v Line: 119
    Info (308011): Node  "aluout_M[7]" File: C:/Users/alanh/Documents/Github/Project_2/Project1_restored/Project.v Line: 193
    Info (308011): Node  "Selector24~1" File: C:/Users/alanh/Documents/Github/Project_2/Project1_restored/Project.v Line: 135
    Info (308011): Node  "regs~2243" File: C:/Users/alanh/Documents/Github/Project_2/Project1_restored/Project.v Line: 119
    Info (308011): Node  "dbus[2]~2" File: C:/Users/alanh/Documents/Github/Project_2/Project1_restored/Project.v Line: 246
    Info (308002): Truncated list of Design Assistant messages to 30 messages. Go to sections under Design Assistant section of Compilation Report for complete lists of Design Assistant messages generated.
Info (308044): (Information) Rule T102: Top nodes with the highest number of fan-outs. (Value defined:50). Found 50 node(s) with highest fan-out.
    Info (308011): Node  "Pll:myPll|Pll_0002:pll_inst|altera_pll:altera_pll_i|outclk_wire[0]~CLKENA0" File: c:/intelfpga_lite/17.1/quartus/libraries/megafunctions/altera_pll.v Line: 413
    Info (308011): Node  "WideOr2~1" File: C:/Users/alanh/Documents/Github/Project_2/Project1_restored/Project.v Line: 297
    Info (308011): Node  "PC[15]" File: C:/Users/alanh/Documents/Github/Project_2/Project1_restored/Project.v Line: 82
    Info (308011): Node  "Timer:timer|lim[0]~1" File: C:/Users/alanh/Documents/Github/Project_2/Project1_restored/Project.v Line: 400
    Info (308011): Node  "imem~6" File: C:/Users/alanh/Documents/Github/Project_2/Project1_restored/Project.v Line: 98
    Info (308011): Node  "imem~8" File: C:/Users/alanh/Documents/Github/Project_2/Project1_restored/Project.v Line: 98
    Info (308011): Node  "imem~10" File: C:/Users/alanh/Documents/Github/Project_2/Project1_restored/Project.v Line: 98
    Info (308011): Node  "imem~4" File: C:/Users/alanh/Documents/Github/Project_2/Project1_restored/Project.v Line: 98
    Info (308011): Node  "aluout_M[3]" File: C:/Users/alanh/Documents/Github/Project_2/Project1_restored/Project.v Line: 193
    Info (308011): Node  "aluout_M[4]" File: C:/Users/alanh/Documents/Github/Project_2/Project1_restored/Project.v Line: 193
    Info (308011): Node  "aluout_M[8]" File: C:/Users/alanh/Documents/Github/Project_2/Project1_restored/Project.v Line: 193
    Info (308011): Node  "aluout_M[5]" File: C:/Users/alanh/Documents/Github/Project_2/Project1_restored/Project.v Line: 193
    Info (308011): Node  "aluout_M[7]" File: C:/Users/alanh/Documents/Github/Project_2/Project1_restored/Project.v Line: 193
    Info (308011): Node  "aluout_M[2]~DUPLICATE" File: C:/Users/alanh/Documents/Github/Project_2/Project1_restored/Project.v Line: 193
    Info (308011): Node  "aluout_M[9]" File: C:/Users/alanh/Documents/Github/Project_2/Project1_restored/Project.v Line: 193
    Info (308011): Node  "aluout_M[13]" File: C:/Users/alanh/Documents/Github/Project_2/Project1_restored/Project.v Line: 193
    Info (308011): Node  "aluout_M[6]" File: C:/Users/alanh/Documents/Github/Project_2/Project1_restored/Project.v Line: 193
    Info (308011): Node  "Selector29~1" File: C:/Users/alanh/Documents/Github/Project_2/Project1_restored/Project.v Line: 135
    Info (308011): Node  "aluout_M[10]" File: C:/Users/alanh/Documents/Github/Project_2/Project1_restored/Project.v Line: 193
    Info (308011): Node  "aluout_M[12]" File: C:/Users/alanh/Documents/Github/Project_2/Project1_restored/Project.v Line: 193
    Info (308011): Node  "Selector35~0" File: C:/Users/alanh/Documents/Github/Project_2/Project1_restored/Project.v Line: 297
    Info (308011): Node  "Selector17~1" File: C:/Users/alanh/Documents/Github/Project_2/Project1_restored/Project.v Line: 135
    Info (308011): Node  "aluout_M[11]" File: C:/Users/alanh/Documents/Github/Project_2/Project1_restored/Project.v Line: 193
    Info (308011): Node  "Selector25~1" File: C:/Users/alanh/Documents/Github/Project_2/Project1_restored/Project.v Line: 135
    Info (308011): Node  "Selector28~1" File: C:/Users/alanh/Documents/Github/Project_2/Project1_restored/Project.v Line: 135
    Info (308011): Node  "Selector27~1" File: C:/Users/alanh/Documents/Github/Project_2/Project1_restored/Project.v Line: 135
    Info (308011): Node  "Selector24~1" File: C:/Users/alanh/Documents/Github/Project_2/Project1_restored/Project.v Line: 135
    Info (308011): Node  "Selector21~1" File: C:/Users/alanh/Documents/Github/Project_2/Project1_restored/Project.v Line: 135
    Info (308011): Node  "Selector22~1" File: C:/Users/alanh/Documents/Github/Project_2/Project1_restored/Project.v Line: 135
    Info (308011): Node  "Selector23~1" File: C:/Users/alanh/Documents/Github/Project_2/Project1_restored/Project.v Line: 135
    Info (308002): Truncated list of Design Assistant messages to 30 messages. Go to sections under Design Assistant section of Compilation Report for complete lists of Design Assistant messages generated.
Info (308007): Design Assistant information: finished post-fitting analysis of current design -- generated 159 information messages and 0 warning messages
Info: Quartus Prime Design Assistant was successful. 0 errors, 0 warnings
    Info: Peak virtual memory: 672 megabytes
    Info: Processing ended: Fri Mar 16 02:58:32 2018
    Info: Elapsed time: 00:00:03
    Info: Total CPU time (on all processors): 00:00:03


